[766 ms] INFO - train:68 - OOF filter (t=0.275929648241206): 130748 rows kept (44593 dropped) — 11437 Normal FPs retained
[824 ms] INFO - train:71 - Train shape: (175341, 15)
[824 ms] INFO - train:72 - N Classes: 10
[824 ms] INFO - train:73 - Class distribution:
[824 ms] INFO - train:77 - Analysis: 1989 - (balanced_weight=6.573554550025138 - min_fold_train~1611)
[824 ms] INFO - train:77 - Backdoor: 1746 - (balanced_weight=7.488430698739977 - min_fold_train~1414)
[824 ms] INFO - train:77 - DoS: 12264 - (balanced_weight=1.0661121983039792 - min_fold_train~9933)
[824 ms] INFO - train:77 - Exploits: 33385 - (balanced_weight=0.3916369627078029 - min_fold_train~27041)
[824 ms] INFO - train:77 - Fuzzers: 18176 - (balanced_weight=0.719344190140845 - min_fold_train~14722)
[824 ms] INFO - train:77 - Generic: 39999 - (balanced_weight=0.32687817195429886 - min_fold_train~32399)
[824 ms] INFO - train:77 - Normal: 11437 - (balanced_weight=1.1432018886071522 - min_fold_train~9263)
[824 ms] INFO - train:77 - Reconnaissance: 10489 - (balanced_weight=1.2465249308799695 - min_fold_train~8496)
[824 ms] INFO - train:77 - Shellcode: 1133 - (balanced_weight=11.539982347749339 - min_fold_train~917)
[824 ms] INFO - train:77 - Worms: 130 - (balanced_weight=100.57538461538462 - min_fold_train~105)
[857 ms] INFO - _cv_loop:189 - Skipped SMOTE
[5427 ms] INFO - _cv_loop:196 - Fold 1/10 - Macro Recall = 0.42728798085662045
[5434 ms] INFO - _cv_loop:189 - Skipped SMOTE
[10075 ms] INFO - _cv_loop:196 - Fold 2/10 - Macro Recall = 0.450936611304258
[10081 ms] INFO - _cv_loop:189 - Skipped SMOTE
[15046 ms] INFO - _cv_loop:196 - Fold 3/10 - Macro Recall = 0.4449954370949678
[15051 ms] INFO - _cv_loop:189 - Skipped SMOTE
[20033 ms] INFO - _cv_loop:196 - Fold 4/10 - Macro Recall = 0.43501936137302605
[20037 ms] INFO - _cv_loop:189 - Skipped SMOTE
[25055 ms] INFO - _cv_loop:196 - Fold 5/10 - Macro Recall = 0.4332404449691222
[25060 ms] INFO - _cv_loop:189 - Skipped SMOTE
[29944 ms] INFO - _cv_loop:196 - Fold 6/10 - Macro Recall = 0.45430014365156157
[29949 ms] INFO - _cv_loop:189 - Skipped SMOTE
[34685 ms] INFO - _cv_loop:196 - Fold 7/10 - Macro Recall = 0.4429449962010395
[34690 ms] INFO - _cv_loop:189 - Skipped SMOTE
[39556 ms] INFO - _cv_loop:196 - Fold 8/10 - Macro Recall = 0.44731247623581527
[39561 ms] INFO - _cv_loop:189 - Skipped SMOTE
[44850 ms] INFO - _cv_loop:196 - Fold 9/10 - Macro Recall = 0.46360626518808096
[44854 ms] INFO - _cv_loop:189 - Skipped SMOTE
[49851 ms] INFO - _cv_loop:196 - Fold 10/10 - Macro Recall = 0.4564055521622463
[49851 ms] INFO - _cv_loop:198 - Mean OOF Macro Recall = 0.4456049269036738
[50119 ms] INFO - obj:91 - Trial 0 - max_features=log2 - min_samples_leaf=2 - max_depth=20 -> Macro PR-AUC=0.36729806844724616
[50125 ms] INFO - obj:97 - Analysis: recall=0.2895927601809955 (n=1989)
[50130 ms] INFO - obj:97 - Backdoor: recall=0.2222222222222222 (n=1746)
[50154 ms] INFO - obj:97 - DoS: recall=0.11660143509458577 (n=12264)
[50216 ms] INFO - obj:97 - Exploits: recall=0.3812191103789127 (n=33385)
[50252 ms] INFO - obj:97 - Fuzzers: recall=0.32724471830985913 (n=18176)
[50330 ms] INFO - obj:97 - Generic: recall=0.9216230405760144 (n=39999)
[50353 ms] INFO - obj:97 - Normal: recall=0.4559762175395646 (n=11437)
[50373 ms] INFO - obj:97 - Reconnaissance: recall=0.37582229001811424 (n=10489)
[50377 ms] INFO - obj:97 - Shellcode: recall=0.5657546337157988 (n=1133)
[50379 ms] INFO - obj:97 - Worms: recall=0.8 (n=130)
[50409 ms] INFO - _cv_loop:189 - Skipped SMOTE
[55233 ms] INFO - _cv_loop:196 - Fold 1/10 - Macro Recall = 0.43538963755219734
[55238 ms] INFO - _cv_loop:189 - Skipped SMOTE
[60335 ms] INFO - _cv_loop:196 - Fold 2/10 - Macro Recall = 0.44925925412562373
[60339 ms] INFO - _cv_loop:189 - Skipped SMOTE
[65662 ms] INFO - _cv_loop:196 - Fold 3/10 - Macro Recall = 0.4457817014471271
[65667 ms] INFO - _cv_loop:189 - Skipped SMOTE
[70967 ms] INFO - _cv_loop:196 - Fold 4/10 - Macro Recall = 0.4252139531503486
[70971 ms] INFO - _cv_loop:189 - Skipped SMOTE
[75988 ms] INFO - _cv_loop:196 - Fold 5/10 - Macro Recall = 0.4310027504149745
[75992 ms] INFO - _cv_loop:189 - Skipped SMOTE
[81358 ms] INFO - _cv_loop:196 - Fold 6/10 - Macro Recall = 0.45553265871490056
[81363 ms] INFO - _cv_loop:189 - Skipped SMOTE
[86820 ms] INFO - _cv_loop:196 - Fold 7/10 - Macro Recall = 0.44090475150292824
[86824 ms] INFO - _cv_loop:189 - Skipped SMOTE
[92041 ms] INFO - _cv_loop:196 - Fold 8/10 - Macro Recall = 0.4505440020827477
[92045 ms] INFO - _cv_loop:189 - Skipped SMOTE
[97699 ms] INFO - _cv_loop:196 - Fold 9/10 - Macro Recall = 0.4663608722102162
[97703 ms] INFO - _cv_loop:189 - Skipped SMOTE
[104264 ms] INFO - _cv_loop:196 - Fold 10/10 - Macro Recall = 0.4569676831178593
[104264 ms] INFO - _cv_loop:198 - Mean OOF Macro Recall = 0.4456957264318923
[104530 ms] INFO - obj:91 - Trial 1 - max_features=0.3 - min_samples_leaf=3 - max_depth=30 -> Macro PR-AUC=0.36532139282426546
[104536 ms] INFO - obj:97 - Analysis: recall=0.2850678733031674 (n=1989)
[104541 ms] INFO - obj:97 - Backdoor: recall=0.23654066437571591 (n=1746)
[104564 ms] INFO - obj:97 - DoS: recall=0.11333985649054142 (n=12264)
[104626 ms] INFO - obj:97 - Exploits: recall=0.3781638460386401 (n=33385)
[104662 ms] INFO - obj:97 - Fuzzers: recall=0.3230633802816901 (n=18176)
[104740 ms] INFO - obj:97 - Generic: recall=0.9247481187029676 (n=39999)
[104762 ms] INFO - obj:97 - Normal: recall=0.461222348517968 (n=11437)
[104782 ms] INFO - obj:97 - Reconnaissance: recall=0.37086471541615024 (n=10489)
[104785 ms] INFO - obj:97 - Shellcode: recall=0.5639894086496028 (n=1133)
[104787 ms] INFO - obj:97 - Worms: recall=0.8 (n=130)
[104816 ms] INFO - _cv_loop:189 - Skipped SMOTE
[110905 ms] INFO - _cv_loop:196 - Fold 1/10 - Macro Recall = 0.4352529490237294
[110910 ms] INFO - _cv_loop:189 - Skipped SMOTE
[117702 ms] INFO - _cv_loop:196 - Fold 2/10 - Macro Recall = 0.4501321281628906
[117706 ms] INFO - _cv_loop:189 - Skipped SMOTE
[124718 ms] INFO - _cv_loop:196 - Fold 3/10 - Macro Recall = 0.44572915394688667
[124722 ms] INFO - _cv_loop:189 - Skipped SMOTE
[131612 ms] INFO - _cv_loop:196 - Fold 4/10 - Macro Recall = 0.42586626970826436
[131616 ms] INFO - _cv_loop:189 - Skipped SMOTE
[138618 ms] INFO - _cv_loop:196 - Fold 5/10 - Macro Recall = 0.43094528691411477
[138623 ms] INFO - _cv_loop:189 - Skipped SMOTE
[145445 ms] INFO - _cv_loop:196 - Fold 6/10 - Macro Recall = 0.45549923668941694
[145450 ms] INFO - _cv_loop:189 - Skipped SMOTE
[151881 ms] INFO - _cv_loop:196 - Fold 7/10 - Macro Recall = 0.44104285279982697
[151885 ms] INFO - _cv_loop:189 - Skipped SMOTE
[158732 ms] INFO - _cv_loop:196 - Fold 8/10 - Macro Recall = 0.45050899301483155
[158736 ms] INFO - _cv_loop:189 - Skipped SMOTE
[165460 ms] INFO - _cv_loop:196 - Fold 9/10 - Macro Recall = 0.4662552082728825
[165464 ms] INFO - _cv_loop:189 - Skipped SMOTE
[171021 ms] INFO - _cv_loop:196 - Fold 10/10 - Macro Recall = 0.45693876771031006
[171021 ms] INFO - _cv_loop:198 - Mean OOF Macro Recall = 0.44581708462431546
[171292 ms] INFO - obj:91 - Trial 2 - max_features=0.3 - min_samples_leaf=3 - max_depth=20 -> Macro PR-AUC=0.3652909083943281
[171298 ms] INFO - obj:97 - Analysis: recall=0.2850678733031674 (n=1989)
[171302 ms] INFO - obj:97 - Backdoor: recall=0.2376861397479954 (n=1746)
[171326 ms] INFO - obj:97 - DoS: recall=0.11293215916503588 (n=12264)
[171388 ms] INFO - obj:97 - Exploits: recall=0.3780739853227497 (n=33385)
[171423 ms] INFO - obj:97 - Fuzzers: recall=0.3232834507042254 (n=18176)
[171501 ms] INFO - obj:97 - Generic: recall=0.9248231205780144 (n=39999)
[171523 ms] INFO - obj:97 - Normal: recall=0.46139721955058144 (n=11437)
[171543 ms] INFO - obj:97 - Reconnaissance: recall=0.37096005338926497 (n=10489)
[171547 ms] INFO - obj:97 - Shellcode: recall=0.5639894086496028 (n=1133)
[171549 ms] INFO - obj:97 - Worms: recall=0.8 (n=130)
[171578 ms] INFO - _cv_loop:189 - Skipped SMOTE
[178258 ms] INFO - _cv_loop:196 - Fold 1/10 - Macro Recall = 0.43804118206660564
[178262 ms] INFO - _cv_loop:189 - Skipped SMOTE
[185157 ms] INFO - _cv_loop:196 - Fold 2/10 - Macro Recall = 0.4536088128323822
[185163 ms] INFO - _cv_loop:189 - Skipped SMOTE
[191747 ms] INFO - _cv_loop:196 - Fold 3/10 - Macro Recall = 0.43987667581262724
[191751 ms] INFO - _cv_loop:189 - Skipped SMOTE
[198176 ms] INFO - _cv_loop:196 - Fold 4/10 - Macro Recall = 0.43534562198237003
[198180 ms] INFO - _cv_loop:189 - Skipped SMOTE
[205167 ms] INFO - _cv_loop:196 - Fold 5/10 - Macro Recall = 0.43186202627441855
[205171 ms] INFO - _cv_loop:189 - Skipped SMOTE
[211937 ms] INFO - _cv_loop:196 - Fold 6/10 - Macro Recall = 0.4556654968892692
[211941 ms] INFO - _cv_loop:189 - Skipped SMOTE
[218905 ms] INFO - _cv_loop:196 - Fold 7/10 - Macro Recall = 0.4383720660332527
[218910 ms] INFO - _cv_loop:189 - Skipped SMOTE
[225383 ms] INFO - _cv_loop:196 - Fold 8/10 - Macro Recall = 0.4524397696912831
[225388 ms] INFO - _cv_loop:189 - Skipped SMOTE
[231509 ms] INFO - _cv_loop:196 - Fold 9/10 - Macro Recall = 0.4643531868881798
[231514 ms] INFO - _cv_loop:189 - Skipped SMOTE
[237951 ms] INFO - _cv_loop:196 - Fold 10/10 - Macro Recall = 0.4511003248051983
[237951 ms] INFO - _cv_loop:198 - Mean OOF Macro Recall = 0.44606651632755867
[238209 ms] INFO - obj:91 - Trial 3 - max_features=0.5 - min_samples_leaf=2 - max_depth=20 -> Macro PR-AUC=0.3723942125254986
[238215 ms] INFO - obj:97 - Analysis: recall=0.2911010558069382 (n=1989)
[238219 ms] INFO - obj:97 - Backdoor: recall=0.22050400916380297 (n=1746)
[238243 ms] INFO - obj:97 - DoS: recall=0.12491846053489888 (n=12264)
[238304 ms] INFO - obj:97 - Exploits: recall=0.38463381758274673 (n=33385)
[238339 ms] INFO - obj:97 - Fuzzers: recall=0.3263094190140845 (n=18176)
[238417 ms] INFO - obj:97 - Generic: recall=0.9184979624490612 (n=39999)
[238438 ms] INFO - obj:97 - Normal: recall=0.46332080090932937 (n=11437)
[238458 ms] INFO - obj:97 - Reconnaissance: recall=0.3768710077223758 (n=10489)
[238462 ms] INFO - obj:97 - Shellcode: recall=0.5622241835834069 (n=1133)
[238464 ms] INFO - obj:97 - Worms: recall=0.7923076923076923 (n=130)
[238493 ms] INFO - _cv_loop:189 - Skipped SMOTE
[245227 ms] INFO - _cv_loop:196 - Fold 1/10 - Macro Recall = 0.4361457823663625
[245232 ms] INFO - _cv_loop:189 - Skipped SMOTE
[251867 ms] INFO - _cv_loop:196 - Fold 2/10 - Macro Recall = 0.4495376718250112
[251872 ms] INFO - _cv_loop:189 - Skipped SMOTE
[258896 ms] INFO - _cv_loop:196 - Fold 3/10 - Macro Recall = 0.445582290965826
[258900 ms] INFO - _cv_loop:189 - Skipped SMOTE
[265763 ms] INFO - _cv_loop:196 - Fold 4/10 - Macro Recall = 0.4322989727344429
[265767 ms] INFO - _cv_loop:189 - Skipped SMOTE
[272388 ms] INFO - _cv_loop:196 - Fold 5/10 - Macro Recall = 0.43373709961826457
[272392 ms] INFO - _cv_loop:189 - Skipped SMOTE
[279234 ms] INFO - _cv_loop:196 - Fold 6/10 - Macro Recall = 0.4546526177329177
[279239 ms] INFO - _cv_loop:189 - Skipped SMOTE
[286165 ms] INFO - _cv_loop:196 - Fold 7/10 - Macro Recall = 0.4411918908890334
[286169 ms] INFO - _cv_loop:189 - Skipped SMOTE
[291595 ms] INFO - _cv_loop:196 - Fold 8/10 - Macro Recall = 0.4502586316217133
[291601 ms] INFO - _cv_loop:189 - Skipped SMOTE
[298024 ms] INFO - _cv_loop:196 - Fold 9/10 - Macro Recall = 0.46506540042821587
[298028 ms] INFO - _cv_loop:189 - Skipped SMOTE
[304903 ms] INFO - _cv_loop:196 - Fold 10/10 - Macro Recall = 0.4569641304960174
[304903 ms] INFO - _cv_loop:198 - Mean OOF Macro Recall = 0.4465434488677805
[305165 ms] INFO - obj:91 - Trial 4 - max_features=0.3 - min_samples_leaf=2 - max_depth=20 -> Macro PR-AUC=0.36940144178253154
[305170 ms] INFO - obj:97 - Analysis: recall=0.2840623428858723 (n=1989)
[305175 ms] INFO - obj:97 - Backdoor: recall=0.21477663230240548 (n=1746)
[305198 ms] INFO - obj:97 - DoS: recall=0.12695694716242661 (n=12264)
[305260 ms] INFO - obj:97 - Exploits: recall=0.38262692826119515 (n=33385)
[305295 ms] INFO - obj:97 - Fuzzers: recall=0.32680457746478875 (n=18176)
[305373 ms] INFO - obj:97 - Generic: recall=0.9190229755743894 (n=39999)
[305394 ms] INFO - obj:97 - Normal: recall=0.46463233365393025 (n=11437)
[305414 ms] INFO - obj:97 - Reconnaissance: recall=0.37401086852893506 (n=10489)
[305418 ms] INFO - obj:97 - Shellcode: recall=0.5648720211827007 (n=1133)
[305420 ms] INFO - obj:97 - Worms: recall=0.8076923076923077 (n=130)
[305449 ms] INFO - _cv_loop:189 - Skipped SMOTE
[311992 ms] INFO - _cv_loop:196 - Fold 1/10 - Macro Recall = 0.4277419549130972
[311998 ms] INFO - _cv_loop:189 - Skipped SMOTE
[318386 ms] INFO - _cv_loop:196 - Fold 2/10 - Macro Recall = 0.4497431170251548
[318390 ms] INFO - _cv_loop:189 - Skipped SMOTE
[325278 ms] INFO - _cv_loop:196 - Fold 3/10 - Macro Recall = 0.4444129892546492
[325283 ms] INFO - _cv_loop:189 - Skipped SMOTE
[332080 ms] INFO - _cv_loop:196 - Fold 4/10 - Macro Recall = 0.4351721304304741
[332084 ms] INFO - _cv_loop:189 - Skipped SMOTE
[338993 ms] INFO - _cv_loop:196 - Fold 5/10 - Macro Recall = 0.43280565932716336
[338997 ms] INFO - _cv_loop:189 - Skipped SMOTE
[345952 ms] INFO - _cv_loop:196 - Fold 6/10 - Macro Recall = 0.45563393580604067
[345957 ms] INFO - _cv_loop:189 - Skipped SMOTE
[351626 ms] INFO - _cv_loop:196 - Fold 7/10 - Macro Recall = 0.44396567057826014
[351630 ms] INFO - _cv_loop:189 - Skipped SMOTE
[358028 ms] INFO - _cv_loop:196 - Fold 8/10 - Macro Recall = 0.4469935568935445
[358034 ms] INFO - _cv_loop:189 - Skipped SMOTE
[364449 ms] INFO - _cv_loop:196 - Fold 9/10 - Macro Recall = 0.46338876499269055
[364453 ms] INFO - _cv_loop:189 - Skipped SMOTE
[370974 ms] INFO - _cv_loop:196 - Fold 10/10 - Macro Recall = 0.45557803731632046
[370974 ms] INFO - _cv_loop:198 - Mean OOF Macro Recall = 0.44554358165373953
[371240 ms] INFO - obj:91 - Trial 5 - max_features=sqrt - min_samples_leaf=2 - max_depth=None -> Macro PR-AUC=0.36750370477396566
[371246 ms] INFO - obj:97 - Analysis: recall=0.28908999497234794 (n=1989)
[371251 ms] INFO - obj:97 - Backdoor: recall=0.2222222222222222 (n=1746)
[371274 ms] INFO - obj:97 - DoS: recall=0.11391063274624919 (n=12264)
[371336 ms] INFO - obj:97 - Exploits: recall=0.38151864609854724 (n=33385)
[371371 ms] INFO - obj:97 - Fuzzers: recall=0.3271897007042254 (n=18176)
[371449 ms] INFO - obj:97 - Generic: recall=0.9244981124528113 (n=39999)
[371470 ms] INFO - obj:97 - Normal: recall=0.4557139109906444 (n=11437)
[371490 ms] INFO - obj:97 - Reconnaissance: recall=0.37553627609877016 (n=10489)
[371494 ms] INFO - obj:97 - Shellcode: recall=0.5657546337157988 (n=1133)
[371496 ms] INFO - obj:97 - Worms: recall=0.8 (n=130)
[371525 ms] INFO - _cv_loop:189 - Skipped SMOTE
[377551 ms] INFO - _cv_loop:196 - Fold 1/10 - Macro Recall = 0.4284353360394094
[377556 ms] INFO - _cv_loop:189 - Skipped SMOTE
[381571 ms] INFO - _cv_loop:196 - Fold 2/10 - Macro Recall = 0.44723449573761354
[381576 ms] INFO - _cv_loop:189 - Skipped SMOTE
[386183 ms] INFO - _cv_loop:196 - Fold 3/10 - Macro Recall = 0.44220416819333586
[386187 ms] INFO - _cv_loop:189 - Skipped SMOTE
[389751 ms] INFO - _cv_loop:196 - Fold 4/10 - Macro Recall = 0.43419500448252685
[389755 ms] INFO - _cv_loop:189 - Skipped SMOTE
[395561 ms] INFO - _cv_loop:196 - Fold 5/10 - Macro Recall = 0.4221639650935039
[395566 ms] INFO - _cv_loop:189 - Skipped SMOTE
[401916 ms] INFO - _cv_loop:196 - Fold 6/10 - Macro Recall = 0.45492859337795355
[401921 ms] INFO - _cv_loop:189 - Skipped SMOTE
[406312 ms] INFO - _cv_loop:196 - Fold 7/10 - Macro Recall = 0.4346949910033577
[406317 ms] INFO - _cv_loop:189 - Skipped SMOTE
[409642 ms] INFO - _cv_loop:196 - Fold 8/10 - Macro Recall = 0.44756747409860875
[409648 ms] INFO - _cv_loop:189 - Skipped SMOTE
[413483 ms] INFO - _cv_loop:196 - Fold 9/10 - Macro Recall = 0.45538195910103524
[413487 ms] INFO - _cv_loop:189 - Skipped SMOTE
[417789 ms] INFO - _cv_loop:196 - Fold 10/10 - Macro Recall = 0.4439572039252496
[417790 ms] INFO - _cv_loop:198 - Mean OOF Macro Recall = 0.44107631910525946
[418040 ms] INFO - obj:91 - Trial 6 - max_features=log2 - min_samples_leaf=1 - max_depth=30 -> Macro PR-AUC=0.37095330934726495
[418046 ms] INFO - obj:97 - Analysis: recall=0.2895927601809955 (n=1989)
[418051 ms] INFO - obj:97 - Backdoor: recall=0.19358533791523483 (n=1746)
[418074 ms] INFO - obj:97 - DoS: recall=0.11945531637312459 (n=12264)
[418136 ms] INFO - obj:97 - Exploits: recall=0.38691028905196945 (n=33385)
[418171 ms] INFO - obj:97 - Fuzzers: recall=0.33720290492957744 (n=18176)
[418248 ms] INFO - obj:97 - Generic: recall=0.9169229230730769 (n=39999)
[418270 ms] INFO - obj:97 - Normal: recall=0.45851184751245955 (n=11437)
[418290 ms] INFO - obj:97 - Reconnaissance: recall=0.38926494422728575 (n=10489)
[418294 ms] INFO - obj:97 - Shellcode: recall=0.5578111209179171 (n=1133)
[418295 ms] INFO - obj:97 - Worms: recall=0.7615384615384615 (n=130)
[418324 ms] INFO - _cv_loop:189 - Skipped SMOTE
[422833 ms] INFO - _cv_loop:196 - Fold 1/10 - Macro Recall = 0.43122141387888996
[422837 ms] INFO - _cv_loop:189 - Skipped SMOTE
[425927 ms] INFO - _cv_loop:196 - Fold 2/10 - Macro Recall = 0.43451537395907425
[425931 ms] INFO - _cv_loop:189 - Skipped SMOTE
[429058 ms] INFO - _cv_loop:196 - Fold 3/10 - Macro Recall = 0.43140990372690907
[429063 ms] INFO - _cv_loop:189 - Skipped SMOTE
[432429 ms] INFO - _cv_loop:196 - Fold 4/10 - Macro Recall = 0.41540937365509195
[432434 ms] INFO - _cv_loop:189 - Skipped SMOTE
[435536 ms] INFO - _cv_loop:196 - Fold 5/10 - Macro Recall = 0.4247259569302777
[435540 ms] INFO - _cv_loop:189 - Skipped SMOTE
[438583 ms] INFO - _cv_loop:196 - Fold 6/10 - Macro Recall = 0.44320262842064884
[438588 ms] INFO - _cv_loop:189 - Skipped SMOTE
[441550 ms] INFO - _cv_loop:196 - Fold 7/10 - Macro Recall = 0.4288927186349456
[441555 ms] INFO - _cv_loop:189 - Skipped SMOTE
[444735 ms] INFO - _cv_loop:196 - Fold 8/10 - Macro Recall = 0.42924944800700837
[444740 ms] INFO - _cv_loop:189 - Skipped SMOTE
[447889 ms] INFO - _cv_loop:196 - Fold 9/10 - Macro Recall = 0.44059974048863104
[447895 ms] INFO - _cv_loop:189 - Skipped SMOTE
[451014 ms] INFO - _cv_loop:196 - Fold 10/10 - Macro Recall = 0.4500328314246822
[451014 ms] INFO - _cv_loop:198 - Mean OOF Macro Recall = 0.43292593891261594
[451294 ms] INFO - obj:91 - Trial 7 - max_features=0.3 - min_samples_leaf=9 - max_depth=10 -> Macro PR-AUC=0.35318378795758393
[451299 ms] INFO - obj:97 - Analysis: recall=0.27551533433886377 (n=1989)
[451305 ms] INFO - obj:97 - Backdoor: recall=0.27949599083619703 (n=1746)
[451329 ms] INFO - obj:97 - DoS: recall=0.05520221787345075 (n=12264)
[451392 ms] INFO - obj:97 - Exploits: recall=0.3684888422944436 (n=33385)
[451429 ms] INFO - obj:97 - Fuzzers: recall=0.28499119718309857 (n=18176)
[451515 ms] INFO - obj:97 - Generic: recall=0.946873671841796 (n=39999)
[451538 ms] INFO - obj:97 - Normal: recall=0.4579872344146192 (n=11437)
[451559 ms] INFO - obj:97 - Reconnaissance: recall=0.3298693869768329 (n=10489)
[451562 ms] INFO - obj:97 - Shellcode: recall=0.5692850838481907 (n=1133)
[451564 ms] INFO - obj:97 - Worms: recall=0.7615384615384615 (n=130)
[451595 ms] INFO - _cv_loop:189 - Skipped SMOTE
[454561 ms] INFO - _cv_loop:196 - Fold 1/10 - Macro Recall = 0.4319415930496658
[454565 ms] INFO - _cv_loop:189 - Skipped SMOTE
[457559 ms] INFO - _cv_loop:196 - Fold 2/10 - Macro Recall = 0.44318928049312223
[457564 ms] INFO - _cv_loop:189 - Skipped SMOTE
[460509 ms] INFO - _cv_loop:196 - Fold 3/10 - Macro Recall = 0.4404753032320333
[460513 ms] INFO - _cv_loop:189 - Skipped SMOTE
[463500 ms] INFO - _cv_loop:196 - Fold 4/10 - Macro Recall = 0.414402993559006
[463505 ms] INFO - _cv_loop:189 - Skipped SMOTE
[466456 ms] INFO - _cv_loop:196 - Fold 5/10 - Macro Recall = 0.42515004158787423
[466460 ms] INFO - _cv_loop:189 - Skipped SMOTE
[469688 ms] INFO - _cv_loop:196 - Fold 6/10 - Macro Recall = 0.4424242659176878
[469693 ms] INFO - _cv_loop:189 - Skipped SMOTE
[472656 ms] INFO - _cv_loop:196 - Fold 7/10 - Macro Recall = 0.42886024575084447
[472660 ms] INFO - _cv_loop:189 - Skipped SMOTE
[476377 ms] INFO - _cv_loop:196 - Fold 8/10 - Macro Recall = 0.4289531523664768
[476384 ms] INFO - _cv_loop:189 - Skipped SMOTE
[479970 ms] INFO - _cv_loop:196 - Fold 9/10 - Macro Recall = 0.4417205193132564
[479975 ms] INFO - _cv_loop:189 - Skipped SMOTE
[483871 ms] INFO - _cv_loop:196 - Fold 10/10 - Macro Recall = 0.44657858294882613
[483871 ms] INFO - _cv_loop:198 - Mean OOF Macro Recall = 0.43436959782187934
[484157 ms] INFO - obj:91 - Trial 8 - max_features=log2 - min_samples_leaf=8 - max_depth=30 -> Macro PR-AUC=0.3496584882947064
[484163 ms] INFO - obj:97 - Analysis: recall=0.27350427350427353 (n=1989)
[484168 ms] INFO - obj:97 - Backdoor: recall=0.27262313860252 (n=1746)
[484191 ms] INFO - obj:97 - DoS: recall=0.06107305936073059 (n=12264)
[484255 ms] INFO - obj:97 - Exploits: recall=0.36845888872248017 (n=33385)
[484291 ms] INFO - obj:97 - Fuzzers: recall=0.29368397887323944 (n=18176)
[484372 ms] INFO - obj:97 - Generic: recall=0.945073626840671 (n=39999)
[484394 ms] INFO - obj:97 - Normal: recall=0.45177931275684186 (n=11437)
[484417 ms] INFO - obj:97 - Reconnaissance: recall=0.34455143483649536 (n=10489)
[484424 ms] INFO - obj:97 - Shellcode: recall=0.556045895851721 (n=1133)
[484426 ms] INFO - obj:97 - Worms: recall=0.7769230769230769 (n=130)
[484462 ms] INFO - _cv_loop:189 - Skipped SMOTE
[488271 ms] INFO - _cv_loop:196 - Fold 1/10 - Macro Recall = 0.4373936053242978
[488277 ms] INFO - _cv_loop:189 - Skipped SMOTE
[491904 ms] INFO - _cv_loop:196 - Fold 2/10 - Macro Recall = 0.4451211379300867
[491908 ms] INFO - _cv_loop:189 - Skipped SMOTE
[495603 ms] INFO - _cv_loop:196 - Fold 3/10 - Macro Recall = 0.4445495731118413
[495608 ms] INFO - _cv_loop:189 - Skipped SMOTE
[498554 ms] INFO - _cv_loop:196 - Fold 4/10 - Macro Recall = 0.42954545531747756
[498558 ms] INFO - _cv_loop:189 - Skipped SMOTE
[502403 ms] INFO - _cv_loop:196 - Fold 5/10 - Macro Recall = 0.42982390465273224
[502407 ms] INFO - _cv_loop:189 - Skipped SMOTE
[505609 ms] INFO - _cv_loop:196 - Fold 6/10 - Macro Recall = 0.4557075731699505
[505613 ms] INFO - _cv_loop:189 - Skipped SMOTE
[508928 ms] INFO - _cv_loop:196 - Fold 7/10 - Macro Recall = 0.4349049723308334
[508932 ms] INFO - _cv_loop:189 - Skipped SMOTE
[512199 ms] INFO - _cv_loop:196 - Fold 8/10 - Macro Recall = 0.44726292283121144
[512205 ms] INFO - _cv_loop:189 - Skipped SMOTE
[515328 ms] INFO - _cv_loop:196 - Fold 9/10 - Macro Recall = 0.45973846483681874
[515333 ms] INFO - _cv_loop:189 - Skipped SMOTE
[518618 ms] INFO - _cv_loop:196 - Fold 10/10 - Macro Recall = 0.4530808506412001
[518619 ms] INFO - _cv_loop:198 - Mean OOF Macro Recall = 0.44371284601464495
[518910 ms] INFO - obj:91 - Trial 9 - max_features=sqrt - min_samples_leaf=4 - max_depth=20 -> Macro PR-AUC=0.3607191604397463
[518916 ms] INFO - obj:97 - Analysis: recall=0.2815485168426345 (n=1989)
[518921 ms] INFO - obj:97 - Backdoor: recall=0.25601374570446733 (n=1746)
[518946 ms] INFO - obj:97 - DoS: recall=0.07281474233529028 (n=12264)
[519011 ms] INFO - obj:97 - Exploits: recall=0.3753781638460386 (n=33385)
[519047 ms] INFO - obj:97 - Fuzzers: recall=0.31624119718309857 (n=18176)
[519127 ms] INFO - obj:97 - Generic: recall=0.9445736143403585 (n=39999)
[519150 ms] INFO - obj:97 - Normal: recall=0.45842441199615286 (n=11437)
[519171 ms] INFO - obj:97 - Reconnaissance: recall=0.36400038135189244 (n=10489)
[519175 ms] INFO - obj:97 - Shellcode: recall=0.560458958517211 (n=1133)
[519176 ms] INFO - obj:97 - Worms: recall=0.8076923076923077 (n=130)
[519177 ms] INFO - train:108 - Best params: {'max_features': 0.5, 'min_samples_leaf': 2, 'max_depth': 20} -> Macro PR-AUC=0.3723942125254986
[519207 ms] INFO - _cv_loop:189 - Skipped SMOTE
[522546 ms] INFO - _cv_loop:196 - Fold 1/10 - Macro Recall = 0.43804118206660564
[522552 ms] INFO - _cv_loop:189 - Skipped SMOTE
[526116 ms] INFO - _cv_loop:196 - Fold 2/10 - Macro Recall = 0.4536088128323822
[526121 ms] INFO - _cv_loop:189 - Skipped SMOTE
[529567 ms] INFO - _cv_loop:196 - Fold 3/10 - Macro Recall = 0.43987667581262724
[529572 ms] INFO - _cv_loop:189 - Skipped SMOTE
[532855 ms] INFO - _cv_loop:196 - Fold 4/10 - Macro Recall = 0.43534562198237003
[532860 ms] INFO - _cv_loop:189 - Skipped SMOTE
[536409 ms] INFO - _cv_loop:196 - Fold 5/10 - Macro Recall = 0.43186202627441855
[536413 ms] INFO - _cv_loop:189 - Skipped SMOTE
[539756 ms] INFO - _cv_loop:196 - Fold 6/10 - Macro Recall = 0.4556654968892692
[539760 ms] INFO - _cv_loop:189 - Skipped SMOTE
[543347 ms] INFO - _cv_loop:196 - Fold 7/10 - Macro Recall = 0.4383720660332527
[543353 ms] INFO - _cv_loop:189 - Skipped SMOTE
[546632 ms] INFO - _cv_loop:196 - Fold 8/10 - Macro Recall = 0.4524397696912831
[546637 ms] INFO - _cv_loop:189 - Skipped SMOTE
[549974 ms] INFO - _cv_loop:196 - Fold 9/10 - Macro Recall = 0.4643531868881798
[549980 ms] INFO - _cv_loop:189 - Skipped SMOTE
[553160 ms] INFO - _cv_loop:196 - Fold 10/10 - Macro Recall = 0.4511003248051983
[553160 ms] INFO - _cv_loop:198 - Mean OOF Macro Recall = 0.44606651632755867
[553161 ms] INFO - train:111 - Mean OOF Macro Recall = 0.44606651632755867
[553175 ms] INFO - train:120 - Analysis: recall=0.2911010558069382  (n=1989)
[553180 ms] INFO - train:120 - Backdoor: recall=0.22050400916380297  (n=1746)
[553205 ms] INFO - train:120 - DoS: recall=0.12491846053489888  (n=12264)
[553269 ms] INFO - train:120 - Exploits: recall=0.38463381758274673  (n=33385)
[553307 ms] INFO - train:120 - Fuzzers: recall=0.3263094190140845  (n=18176)
[553388 ms] INFO - train:120 - Generic: recall=0.9184979624490612  (n=39999)
[553412 ms] INFO - train:120 - Normal: recall=0.46332080090932937  (n=11437)
[553433 ms] INFO - train:120 - Reconnaissance: recall=0.3768710077223758  (n=10489)
[553437 ms] INFO - train:120 - Shellcode: recall=0.5622241835834069  (n=1133)
[553439 ms] INFO - train:120 - Worms: recall=0.7923076923076923  (n=130)
[559267 ms] INFO - train:146 - RESULT (balanced_rf): {'mean_oof_macro_recall': 0.44606651632755867, 'per_class_oof_recall': {'Analysis': 0.2911010558069382, 'Backdoor': 0.22050400916380297, 'DoS': 0.12491846053489888, 'Exploits': 0.38463381758274673, 'Fuzzers': 0.3263094190140845, 'Generic': 0.9184979624490612, 'Normal': 0.46332080090932937, 'Reconnaissance': 0.3768710077223758, 'Shellcode': 0.5622241835834069, 'Worms': 0.7923076923076923}, 'classes': ['Analysis', 'Backdoor', 'DoS', 'Exploits', 'Fuzzers', 'Generic', 'Normal', 'Reconnaissance', 'Shellcode', 'Worms'], 'max_features': '0.5', 'min_samples_leaf': 2, 'max_depth': 20, 'n_estimators_cv': 300, 'n_estimators_final': 500, 'n_trials': 10, 'n_splits': 10, 'smote_target_ratio': 0.3, 'smote_max_multiplier': 8}
