[806 ms] INFO - train:95 - OOF filter (t=0.275929648241206): 130748 rows kept (44593 dropped) — 11437 Normal FPs retained
[866 ms] INFO - train:100 - Train shape: (130748, 15)
[867 ms] INFO - train:101 - N Classes: 10
[867 ms] INFO - train:102 - Class distribution:
[867 ms] INFO - train:105 - Analysis: 1989 - (balanced_weight=6.573554550025138 - min_fold_train~1611)
[867 ms] INFO - train:105 - Backdoor: 1746 - (balanced_weight=7.488430698739977 - min_fold_train~1414)
[867 ms] INFO - train:105 - DoS: 12264 - (balanced_weight=1.0661121983039792 - min_fold_train~9933)
[867 ms] INFO - train:105 - Exploits: 33385 - (balanced_weight=0.3916369627078029 - min_fold_train~27041)
[867 ms] INFO - train:105 - Fuzzers: 18176 - (balanced_weight=0.719344190140845 - min_fold_train~14722)
[867 ms] INFO - train:105 - Generic: 39999 - (balanced_weight=0.32687817195429886 - min_fold_train~32399)
[867 ms] INFO - train:105 - Normal: 11437 - (balanced_weight=1.1432018886071522 - min_fold_train~9263)
[867 ms] INFO - train:105 - Reconnaissance: 10489 - (balanced_weight=1.2465249308799695 - min_fold_train~8496)
[867 ms] INFO - train:105 - Shellcode: 1133 - (balanced_weight=11.539982347749339 - min_fold_train~917)
[867 ms] INFO - train:105 - Worms: 130 - (balanced_weight=100.57538461538462 - min_fold_train~105)
[901 ms] INFO - _cv_loop:189 - Skipped SMOTE
[57384 ms] INFO - _cv_loop:196 - Fold 1/5 - Macro Recall = 0.40098415023342115
[57389 ms] INFO - _cv_loop:189 - Skipped SMOTE
[110636 ms] INFO - _cv_loop:196 - Fold 2/5 - Macro Recall = 0.3829756388359308
[110642 ms] INFO - _cv_loop:189 - Skipped SMOTE
[166103 ms] INFO - _cv_loop:196 - Fold 3/5 - Macro Recall = 0.3765545169237327
[166108 ms] INFO - _cv_loop:189 - Skipped SMOTE
[223516 ms] INFO - _cv_loop:196 - Fold 4/5 - Macro Recall = 0.3861196777498562
[223521 ms] INFO - _cv_loop:189 - Skipped SMOTE
[279503 ms] INFO - _cv_loop:196 - Fold 5/5 - Macro Recall = 0.3871629184598523
[279503 ms] INFO - _cv_loop:198 - Mean OOF Macro Recall = 0.3867593804405586
[279771 ms] INFO - obj:124 - Trial 0 - num_leaves=127 min_data=30 ff=0.9 l1=0.30000000000000004 l2=0.0 -> Macro PR-AUC=0.3984721221599529
[279776 ms] INFO - obj:130 - Analysis: recall=0.19306184012066366 (n=1989)
[279781 ms] INFO - obj:130 - Backdoor: recall=0.11626575028636885 (n=1746)
[279805 ms] INFO - obj:130 - DoS: recall=0.16177429876060012 (n=12264)
[279866 ms] INFO - obj:130 - Exploits: recall=0.4602366332185113 (n=33385)
[279902 ms] INFO - obj:130 - Fuzzers: recall=0.41450264084507044 (n=18176)
[279978 ms] INFO - obj:130 - Generic: recall=0.9176979424485612 (n=39999)
[280000 ms] INFO - obj:130 - Normal: recall=0.5457724927865699 (n=11437)
[280020 ms] INFO - obj:130 - Reconnaissance: recall=0.45819429878920775 (n=10489)
[280023 ms] INFO - obj:130 - Shellcode: recall=0.4077669902912621 (n=1133)
[280025 ms] INFO - obj:130 - Worms: recall=0.19230769230769232 (n=130)
[280055 ms] INFO - _cv_loop:189 - Skipped SMOTE
[335656 ms] INFO - _cv_loop:196 - Fold 1/5 - Macro Recall = 0.4055735810939324
[335662 ms] INFO - _cv_loop:189 - Skipped SMOTE
[391669 ms] INFO - _cv_loop:196 - Fold 2/5 - Macro Recall = 0.38293469480678655
[391675 ms] INFO - _cv_loop:189 - Skipped SMOTE
[443000 ms] INFO - _cv_loop:196 - Fold 3/5 - Macro Recall = 0.3814040693288914
[443006 ms] INFO - _cv_loop:189 - Skipped SMOTE
[492899 ms] INFO - _cv_loop:196 - Fold 4/5 - Macro Recall = 0.39244060864183944
[492904 ms] INFO - _cv_loop:189 - Skipped SMOTE
[538756 ms] INFO - _cv_loop:196 - Fold 5/5 - Macro Recall = 0.39397205136979135
[538756 ms] INFO - _cv_loop:198 - Mean OOF Macro Recall = 0.39126500104824824
[539017 ms] INFO - obj:124 - Trial 1 - num_leaves=95 min_data=5 ff=1.0 l1=0.30000000000000004 l2=0.4 -> Macro PR-AUC=0.4002624547187078
[539022 ms] INFO - obj:130 - Analysis: recall=0.19557566616390146 (n=1989)
[539027 ms] INFO - obj:130 - Backdoor: recall=0.11798396334478808 (n=1746)
[539051 ms] INFO - obj:130 - DoS: recall=0.17017286366601436 (n=12264)
[539112 ms] INFO - obj:130 - Exploits: recall=0.45580350456791974 (n=33385)
[539147 ms] INFO - obj:130 - Fuzzers: recall=0.4077904929577465 (n=18176)
[539225 ms] INFO - obj:130 - Generic: recall=0.9180979524488112 (n=39999)
[539247 ms] INFO - obj:130 - Normal: recall=0.5478709451779312 (n=11437)
[539267 ms] INFO - obj:130 - Reconnaissance: recall=0.46687005434264467 (n=10489)
[539270 ms] INFO - obj:130 - Shellcode: recall=0.4324801412180053 (n=1133)
[539272 ms] INFO - obj:130 - Worms: recall=0.2 (n=130)
[539302 ms] INFO - _cv_loop:189 - Skipped SMOTE
[588227 ms] INFO - _cv_loop:196 - Fold 1/5 - Macro Recall = 0.40641629630839116
[588233 ms] INFO - _cv_loop:189 - Skipped SMOTE
[633031 ms] INFO - _cv_loop:196 - Fold 2/5 - Macro Recall = 0.38526148642463914
[633036 ms] INFO - _cv_loop:189 - Skipped SMOTE
[673758 ms] INFO - _cv_loop:196 - Fold 3/5 - Macro Recall = 0.38531150253391205
[673765 ms] INFO - _cv_loop:189 - Skipped SMOTE
[718509 ms] INFO - _cv_loop:196 - Fold 4/5 - Macro Recall = 0.3913703219836694
[718514 ms] INFO - _cv_loop:189 - Skipped SMOTE
[763187 ms] INFO - _cv_loop:196 - Fold 5/5 - Macro Recall = 0.393734186195308
[763187 ms] INFO - _cv_loop:198 - Mean OOF Macro Recall = 0.3924187586891839
[763451 ms] INFO - obj:124 - Trial 2 - num_leaves=63 min_data=30 ff=1.0 l1=0.1 l2=0.1 -> Macro PR-AUC=0.39890314142846717
[763456 ms] INFO - obj:130 - Analysis: recall=0.2081447963800905 (n=1989)
[763461 ms] INFO - obj:130 - Backdoor: recall=0.12142038946162657 (n=1746)
[763485 ms] INFO - obj:130 - DoS: recall=0.1623450750163079 (n=12264)
[763546 ms] INFO - obj:130 - Exploits: recall=0.4507413509060956 (n=33385)
[763581 ms] INFO - obj:130 - Fuzzers: recall=0.39948283450704225 (n=18176)
[763658 ms] INFO - obj:130 - Generic: recall=0.9186729668241707 (n=39999)
[763680 ms] INFO - obj:130 - Normal: recall=0.5520678499606541 (n=11437)
[763700 ms] INFO - obj:130 - Reconnaissance: recall=0.4688721517780532 (n=10489)
[763704 ms] INFO - obj:130 - Shellcode: recall=0.4501323918799647 (n=1133)
[763705 ms] INFO - obj:130 - Worms: recall=0.19230769230769232 (n=130)
[763734 ms] INFO - _cv_loop:189 - Skipped SMOTE
[817624 ms] INFO - _cv_loop:196 - Fold 1/5 - Macro Recall = 0.40635161793915586
[817630 ms] INFO - _cv_loop:189 - Skipped SMOTE
[871537 ms] INFO - _cv_loop:196 - Fold 2/5 - Macro Recall = 0.38395141243285724
[871542 ms] INFO - _cv_loop:189 - Skipped SMOTE
[921318 ms] INFO - _cv_loop:196 - Fold 3/5 - Macro Recall = 0.38240333533095955
[921324 ms] INFO - _cv_loop:189 - Skipped SMOTE
[969688 ms] INFO - _cv_loop:196 - Fold 4/5 - Macro Recall = 0.38879550304948224
[969692 ms] INFO - _cv_loop:189 - Skipped SMOTE
[1014794 ms] INFO - _cv_loop:196 - Fold 5/5 - Macro Recall = 0.39375328747600796
[1014794 ms] INFO - _cv_loop:198 - Mean OOF Macro Recall = 0.39105103124569257
[1015056 ms] INFO - obj:124 - Trial 3 - num_leaves=95 min_data=10 ff=0.8 l1=0.2 l2=0.1 -> Macro PR-AUC=0.4001488796194844
[1015062 ms] INFO - obj:130 - Analysis: recall=0.19356460532931122 (n=1989)
[1015066 ms] INFO - obj:130 - Backdoor: recall=0.11741122565864834 (n=1746)
[1015089 ms] INFO - obj:130 - DoS: recall=0.171395955642531 (n=12264)
[1015150 ms] INFO - obj:130 - Exploits: recall=0.45840946532874044 (n=33385)
[1015186 ms] INFO - obj:130 - Fuzzers: recall=0.4084507042253521 (n=18176)
[1015262 ms] INFO - obj:130 - Generic: recall=0.9182979574489363 (n=39999)
[1015284 ms] INFO - obj:130 - Normal: recall=0.5497945265366792 (n=11437)
[1015304 ms] INFO - obj:130 - Reconnaissance: recall=0.46486795690723615 (n=10489)
[1015307 ms] INFO - obj:130 - Shellcode: recall=0.43601059135039716 (n=1133)
[1015309 ms] INFO - obj:130 - Worms: recall=0.19230769230769232 (n=130)
[1015338 ms] INFO - _cv_loop:189 - Skipped SMOTE
[1087883 ms] INFO - _cv_loop:196 - Fold 1/5 - Macro Recall = 0.40265032516841937
[1087889 ms] INFO - _cv_loop:189 - Skipped SMOTE
[1159499 ms] INFO - _cv_loop:196 - Fold 2/5 - Macro Recall = 0.37671531359430677
[1159504 ms] INFO - _cv_loop:189 - Skipped SMOTE
[1220534 ms] INFO - _cv_loop:196 - Fold 3/5 - Macro Recall = 0.37892578395504495
[1220540 ms] INFO - _cv_loop:189 - Skipped SMOTE
[1282451 ms] INFO - _cv_loop:196 - Fold 4/5 - Macro Recall = 0.38683777402331543
[1282456 ms] INFO - _cv_loop:189 - Skipped SMOTE
[1351343 ms] INFO - _cv_loop:196 - Fold 5/5 - Macro Recall = 0.38427736409139157
[1351343 ms] INFO - _cv_loop:198 - Mean OOF Macro Recall = 0.3858813121664957
[1351604 ms] INFO - obj:124 - Trial 4 - num_leaves=191 min_data=5 ff=0.7 l1=0.2 l2=0.2 -> Macro PR-AUC=0.3998498483674833
[1351609 ms] INFO - obj:130 - Analysis: recall=0.1830065359477124 (n=1989)
[1351614 ms] INFO - obj:130 - Backdoor: recall=0.11397479954180985 (n=1746)
[1351637 ms] INFO - obj:130 - DoS: recall=0.1779191128506197 (n=12264)
[1351698 ms] INFO - obj:130 - Exploits: recall=0.4703309869701962 (n=33385)
[1351733 ms] INFO - obj:130 - Fuzzers: recall=0.4258912852112676 (n=18176)
[1351810 ms] INFO - obj:130 - Generic: recall=0.9178729468236706 (n=39999)
[1351832 ms] INFO - obj:130 - Normal: recall=0.5244382268077293 (n=11437)
[1351852 ms] INFO - obj:130 - Reconnaissance: recall=0.4519973305367528 (n=10489)
[1351856 ms] INFO - obj:130 - Shellcode: recall=0.3857016769638129 (n=1133)
[1351858 ms] INFO - obj:130 - Worms: recall=0.2076923076923077 (n=130)
[1351887 ms] INFO - _cv_loop:189 - Skipped SMOTE
[1430053 ms] INFO - _cv_loop:196 - Fold 1/5 - Macro Recall = 0.4000373177205045
[1430059 ms] INFO - _cv_loop:189 - Skipped SMOTE
[3033572 ms] INFO - _cv_loop:196 - Fold 2/5 - Macro Recall = 0.37533776518551276
[3033577 ms] INFO - _cv_loop:189 - Skipped SMOTE
[3090726 ms] INFO - _cv_loop:196 - Fold 3/5 - Macro Recall = 0.3772769686103013
[3090732 ms] INFO - _cv_loop:189 - Skipped SMOTE
[3147381 ms] INFO - _cv_loop:196 - Fold 4/5 - Macro Recall = 0.38632629706283933
[3147386 ms] INFO - _cv_loop:189 - Skipped SMOTE
[3199673 ms] INFO - _cv_loop:196 - Fold 5/5 - Macro Recall = 0.3837193168558898
[3199673 ms] INFO - _cv_loop:198 - Mean OOF Macro Recall = 0.38453953308700956
[3199951 ms] INFO - obj:124 - Trial 5 - num_leaves=223 min_data=10 ff=0.8 l1=0.30000000000000004 l2=0.0 -> Macro PR-AUC=0.3991923499784423
[3199957 ms] INFO - obj:130 - Analysis: recall=0.18099547511312217 (n=1989)
[3199962 ms] INFO - obj:130 - Backdoor: recall=0.11397479954180985 (n=1746)
[3199987 ms] INFO - obj:130 - DoS: recall=0.18582844096542728 (n=12264)
[3200050 ms] INFO - obj:130 - Exploits: recall=0.47332634416654185 (n=33385)
[3200086 ms] INFO - obj:130 - Fuzzers: recall=0.42864216549295775 (n=18176)
[3200165 ms] INFO - obj:130 - Generic: recall=0.9177729443236081 (n=39999)
[3200189 ms] INFO - obj:130 - Normal: recall=0.5158695462096704 (n=11437)
[3200209 ms] INFO - obj:130 - Reconnaissance: recall=0.4461817141767566 (n=10489)
[3200213 ms] INFO - obj:130 - Shellcode: recall=0.37511032656663723 (n=1133)
[3200215 ms] INFO - obj:130 - Worms: recall=0.2076923076923077 (n=130)
[3200246 ms] INFO - _cv_loop:189 - Skipped SMOTE
[3261890 ms] INFO - _cv_loop:196 - Fold 1/5 - Macro Recall = 0.40022106093215265
[3261896 ms] INFO - _cv_loop:189 - Skipped SMOTE
[3337488 ms] INFO - _cv_loop:196 - Fold 2/5 - Macro Recall = 0.37486218749722255
[3337493 ms] INFO - _cv_loop:189 - Skipped SMOTE
[3426076 ms] INFO - _cv_loop:196 - Fold 3/5 - Macro Recall = 0.37819884361356426
[3426082 ms] INFO - _cv_loop:189 - Skipped SMOTE
[3524255 ms] INFO - _cv_loop:196 - Fold 4/5 - Macro Recall = 0.38841909569399335
[3524260 ms] INFO - _cv_loop:189 - Skipped SMOTE
[3625504 ms] INFO - _cv_loop:196 - Fold 5/5 - Macro Recall = 0.3857739622654369
[3625504 ms] INFO - _cv_loop:198 - Mean OOF Macro Recall = 0.38549503000047397
[3625781 ms] INFO - obj:124 - Trial 6 - num_leaves=191 min_data=10 ff=0.6 l1=0.5 l2=0.5 -> Macro PR-AUC=0.39824848130429813
[3625786 ms] INFO - obj:130 - Analysis: recall=0.18250377073906485 (n=1989)
[3625791 ms] INFO - obj:130 - Backdoor: recall=0.11282932416953036 (n=1746)
[3625815 ms] INFO - obj:130 - DoS: recall=0.17009132420091325 (n=12264)
[3625878 ms] INFO - obj:130 - Exploits: recall=0.4708102441216115 (n=33385)
[3625914 ms] INFO - obj:130 - Fuzzers: recall=0.43227332746478875 (n=18176)
[3625994 ms] INFO - obj:130 - Generic: recall=0.91764794119853 (n=39999)
[3626016 ms] INFO - obj:130 - Normal: recall=0.5228643875142083 (n=11437)
[3626037 ms] INFO - obj:130 - Reconnaissance: recall=0.4519019925636381 (n=10489)
[3626041 ms] INFO - obj:130 - Shellcode: recall=0.3786407766990291 (n=1133)
[3626043 ms] INFO - obj:130 - Worms: recall=0.2153846153846154 (n=130)
[3626074 ms] INFO - _cv_loop:189 - Skipped SMOTE
[3723482 ms] INFO - _cv_loop:196 - Fold 1/5 - Macro Recall = 0.4024543182624833
[3723488 ms] INFO - _cv_loop:189 - Skipped SMOTE
[3823939 ms] INFO - _cv_loop:196 - Fold 2/5 - Macro Recall = 0.37557520234367964
[3823946 ms] INFO - _cv_loop:189 - Skipped SMOTE
[3924045 ms] INFO - _cv_loop:196 - Fold 3/5 - Macro Recall = 0.377175369381491
[3924050 ms] INFO - _cv_loop:189 - Skipped SMOTE
[4021325 ms] INFO - _cv_loop:196 - Fold 4/5 - Macro Recall = 0.3911063639473579
[4021332 ms] INFO - _cv_loop:189 - Skipped SMOTE
[4120022 ms] INFO - _cv_loop:196 - Fold 5/5 - Macro Recall = 0.38369832760752315
[4120022 ms] INFO - _cv_loop:198 - Mean OOF Macro Recall = 0.386001916308507
[4120296 ms] INFO - obj:124 - Trial 7 - num_leaves=223 min_data=10 ff=0.6 l1=0.4 l2=0.2 -> Macro PR-AUC=0.3975512912754302
[4120302 ms] INFO - obj:130 - Analysis: recall=0.1845148315736551 (n=1989)
[4120307 ms] INFO - obj:130 - Backdoor: recall=0.11282932416953036 (n=1746)
[4120331 ms] INFO - obj:130 - DoS: recall=0.18207762557077625 (n=12264)
[4120394 ms] INFO - obj:130 - Exploits: recall=0.47506365134042233 (n=33385)
[4120430 ms] INFO - obj:130 - Fuzzers: recall=0.4354093309859155 (n=18176)
[4120509 ms] INFO - obj:130 - Generic: recall=0.917572939323483 (n=39999)
[4120531 ms] INFO - obj:130 - Normal: recall=0.511235463845414 (n=11437)
[4120552 ms] INFO - obj:130 - Reconnaissance: recall=0.45018590904757366 (n=10489)
[4120555 ms] INFO - obj:130 - Shellcode: recall=0.3680494263018535 (n=1133)
[4120557 ms] INFO - obj:130 - Worms: recall=0.2230769230769231 (n=130)
[4120588 ms] INFO - _cv_loop:189 - Skipped SMOTE
[4192949 ms] INFO - _cv_loop:196 - Fold 1/5 - Macro Recall = 0.4075280591720977
[4192956 ms] INFO - _cv_loop:189 - Skipped SMOTE
[4253644 ms] INFO - _cv_loop:196 - Fold 2/5 - Macro Recall = 0.3866877844907279
[4253649 ms] INFO - _cv_loop:189 - Skipped SMOTE
[4317623 ms] INFO - _cv_loop:196 - Fold 3/5 - Macro Recall = 0.38641983807836255
[4317631 ms] INFO - _cv_loop:189 - Skipped SMOTE
[4396037 ms] INFO - _cv_loop:196 - Fold 4/5 - Macro Recall = 0.39654843175862303
[4396042 ms] INFO - _cv_loop:189 - Skipped SMOTE
[4458994 ms] INFO - _cv_loop:196 - Fold 5/5 - Macro Recall = 0.39569827568599675
[4458994 ms] INFO - _cv_loop:198 - Mean OOF Macro Recall = 0.39457647783716154
[4459282 ms] INFO - obj:124 - Trial 8 - num_leaves=63 min_data=15 ff=0.6 l1=0.5 l2=0.1 -> Macro PR-AUC=0.39922730762844516
[4459288 ms] INFO - obj:130 - Analysis: recall=0.20311714429361488 (n=1989)
[4459293 ms] INFO - obj:130 - Backdoor: recall=0.11741122565864834 (n=1746)
[4459317 ms] INFO - obj:130 - DoS: recall=0.15443574690150033 (n=12264)
[4459380 ms] INFO - obj:130 - Exploits: recall=0.4532274973790624 (n=33385)
[4459417 ms] INFO - obj:130 - Fuzzers: recall=0.40498459507042256 (n=18176)
[4459497 ms] INFO - obj:130 - Generic: recall=0.9186729668241707 (n=39999)
[4459519 ms] INFO - obj:130 - Normal: recall=0.5624726764011542 (n=11437)
[4459540 ms] INFO - obj:130 - Reconnaissance: recall=0.46944417961674134 (n=10489)
[4459543 ms] INFO - obj:130 - Shellcode: recall=0.44660194174757284 (n=1133)
[4459545 ms] INFO - obj:130 - Worms: recall=0.2153846153846154 (n=130)
[4459577 ms] INFO - _cv_loop:189 - Skipped SMOTE
[4546197 ms] INFO - _cv_loop:196 - Fold 1/5 - Macro Recall = 0.40458353581774265
[4546204 ms] INFO - _cv_loop:189 - Skipped SMOTE
[4628575 ms] INFO - _cv_loop:196 - Fold 2/5 - Macro Recall = 0.3777668368699281
[4628580 ms] INFO - _cv_loop:189 - Skipped SMOTE
[4702065 ms] INFO - _cv_loop:196 - Fold 3/5 - Macro Recall = 0.37928804540489847
[4702071 ms] INFO - _cv_loop:189 - Skipped SMOTE
[4773402 ms] INFO - _cv_loop:196 - Fold 4/5 - Macro Recall = 0.3886734287066406
[4773411 ms] INFO - _cv_loop:189 - Skipped SMOTE
[4837838 ms] INFO - _cv_loop:196 - Fold 5/5 - Macro Recall = 0.3832056356942312
[4837838 ms] INFO - _cv_loop:198 - Mean OOF Macro Recall = 0.3867034964986883
[4838120 ms] INFO - obj:124 - Trial 9 - num_leaves=191 min_data=10 ff=0.8 l1=0.30000000000000004 l2=0.1 -> Macro PR-AUC=0.3994368613983312
[4838126 ms] INFO - obj:130 - Analysis: recall=0.18552036199095023 (n=1989)
[4838131 ms] INFO - obj:130 - Backdoor: recall=0.11225658648339061 (n=1746)
[4838156 ms] INFO - obj:130 - DoS: recall=0.18786692759295498 (n=12264)
[4838220 ms] INFO - obj:130 - Exploits: recall=0.46940242623932904 (n=33385)
[4838257 ms] INFO - obj:130 - Fuzzers: recall=0.42578125 (n=18176)
[4838337 ms] INFO - obj:130 - Generic: recall=0.9179729493237331 (n=39999)
[4838359 ms] INFO - obj:130 - Normal: recall=0.5198041444434729 (n=11437)
[4838380 ms] INFO - obj:130 - Reconnaissance: recall=0.45504814567642293 (n=10489)
[4838384 ms] INFO - obj:130 - Shellcode: recall=0.3857016769638129 (n=1133)
[4838386 ms] INFO - obj:130 - Worms: recall=0.2076923076923077 (n=130)
[4838386 ms] INFO - train:141 - Best params: {'num_leaves': 95, 'min_data_in_leaf': 5, 'feature_fraction': 1.0, 'lambda_l1': 0.30000000000000004, 'lambda_l2': 0.4} -> Macro PR-AUC=0.4002624547187078
[4838416 ms] INFO - _cv_loop:189 - Skipped SMOTE
[4889792 ms] INFO - _cv_loop:196 - Fold 1/10 - Macro Recall = 0.402125282458329
[4889798 ms] INFO - _cv_loop:189 - Skipped SMOTE
[4961933 ms] INFO - _cv_loop:196 - Fold 2/10 - Macro Recall = 0.4126647229540862
[4961938 ms] INFO - _cv_loop:189 - Skipped SMOTE
[5025109 ms] INFO - _cv_loop:196 - Fold 3/10 - Macro Recall = 0.39279701197296807
[5025115 ms] INFO - _cv_loop:189 - Skipped SMOTE
[5081978 ms] INFO - _cv_loop:196 - Fold 4/10 - Macro Recall = 0.37589058300768213
[5081983 ms] INFO - _cv_loop:189 - Skipped SMOTE
[5127092 ms] INFO - _cv_loop:196 - Fold 5/10 - Macro Recall = 0.39412077623371855
[5127098 ms] INFO - _cv_loop:189 - Skipped SMOTE
[5177222 ms] INFO - _cv_loop:196 - Fold 6/10 - Macro Recall = 0.36909124892759554
[5177228 ms] INFO - _cv_loop:189 - Skipped SMOTE
[5233452 ms] INFO - _cv_loop:196 - Fold 7/10 - Macro Recall = 0.38946785781754606
[5233458 ms] INFO - _cv_loop:189 - Skipped SMOTE
[5307527 ms] INFO - _cv_loop:196 - Fold 8/10 - Macro Recall = 0.39132697500035457
[5307533 ms] INFO - _cv_loop:189 - Skipped SMOTE
[5379366 ms] INFO - _cv_loop:196 - Fold 9/10 - Macro Recall = 0.41036108434282026
[5379371 ms] INFO - _cv_loop:189 - Skipped SMOTE
[5455989 ms] INFO - _cv_loop:196 - Fold 10/10 - Macro Recall = 0.37141709812929075
[5455989 ms] INFO - _cv_loop:198 - Mean OOF Macro Recall = 0.3909262640844391
[5455991 ms] INFO - train:144 - Mean OOF Macro Recall = 0.3909262640844391
[5456000 ms] INFO - train:153 - Analysis: recall=0.19909502262443438  (n=1989)
[5456005 ms] INFO - train:153 - Backdoor: recall=0.10767468499427263  (n=1746)
[5456031 ms] INFO - train:153 - DoS: recall=0.17400521852576648  (n=12264)
[5456093 ms] INFO - train:153 - Exploits: recall=0.45819979032499625  (n=33385)
[5456129 ms] INFO - train:153 - Fuzzers: recall=0.41422755281690143  (n=18176)
[5456208 ms] INFO - train:153 - Generic: recall=0.9180979524488112  (n=39999)
[5456230 ms] INFO - train:153 - Normal: recall=0.538777651482032  (n=11437)
[5456252 ms] INFO - train:153 - Reconnaissance: recall=0.4631518733911717  (n=10489)
[5456256 ms] INFO - train:153 - Shellcode: recall=0.43601059135039716  (n=1133)
[5456258 ms] INFO - train:153 - Worms: recall=0.2  (n=130)
[5543608 ms] INFO - train:164 - Early stopping: best_iteration = 269
[5618937 ms] INFO - train:196 - RESULT (lgbm_gbdt): {'mean_oof_macro_recall': 0.3909262640844391, 'per_class_oof_recall': {'Analysis': 0.19909502262443438, 'Backdoor': 0.10767468499427263, 'DoS': 0.17400521852576648, 'Exploits': 0.45819979032499625, 'Fuzzers': 0.41422755281690143, 'Generic': 0.9180979524488112, 'Normal': 0.538777651482032, 'Reconnaissance': 0.4631518733911717, 'Shellcode': 0.43601059135039716, 'Worms': 0.2}, 'classes': ['Analysis', 'Backdoor', 'DoS', 'Exploits', 'Fuzzers', 'Generic', 'Normal', 'Reconnaissance', 'Shellcode', 'Worms'], 'num_leaves': 95, 'min_data_in_leaf': 5, 'feature_fraction': 1.0, 'lambda_l1': 0.30000000000000004, 'lambda_l2': 0.4, 'best_iteration': 269, 'n_trials': 10, 'n_splits': 10}
